Return code: 0
STDOUT:

> build
> tsc


STDERR:

